--- Start BURT header
Time:     Fri Dec 14 23:55:14 2018
Login ID: controls ()
Eff  UID: 500
Group ID: 500
Keywords: 
Comments: 
Type:     Absolute
Directory /opt/rtcds/anu/a1/iocmodbus/a1slowpid
Req File: /opt/rtcds/anu/a1/iocmodbus/a1slowpid/autoBurt.req
--- End BURT header
RO A1:ISC-LASER_D_TEMP_INMON 1 -9.123338039300169e-02
RO A1:ISC-LASER_D_TEMP_FB 1 3.057759115055209e-01
RO A1:ISC-LASER_D_TEMP_EXC 1 0.000000000000000e+00
RO A1:ISC-LASER_D_TEMP_IN2 1 -9.123338039300169e-02
RO A1:ISC-LASER_D_TEMP_RESET 1 0
RO A1:ISC-LASER_D_TEMP_FBMON 1 3.057759115055209e-01
A1:ISC-LASER_D_TEMP_IN_EN 1 1
A1:ISC-LASER_D_TEMP_SETPOINT 1 0.000000000000000e+00
A1:ISC-LASER_D_TEMP_KP 1 5.000000000000000e-05
A1:ISC-LASER_D_TEMP_KI 1 1.500000000000000e-04
A1:ISC-LASER_D_TEMP_KD 1 0.000000000000000e+00
A1:ISC-LASER_D_TEMP_PID_PAUSE 1 0
A1:ISC-LASER_D_TEMP_LIM_EN 1 0
A1:ISC-LASER_D_TEMP_LIM_UPR 1 1.000000000000000e+01
A1:ISC-LASER_D_TEMP_LIM_LWR 1 -1.000000000000000e+01
A1:ISC-LASER_D_TEMP_OUT_EN 1 1
